{
    "versions": {
        "content": [
            [
                "versions.yml:md5,a7e6c5f033ce480fe6853c7b76658dc4"
            ]
        ],
        "timestamp": "2023-10-16T10:53:57+0000"
    }
}